// Jest Snapshot v1, https://goo.gl/fbAQLP

exports[`Header Component renders correctly 1`] = `
<header
  class="container"
>
  <div
    class="menu"
  >
    <h1
      class="homeLink"
    >
      <a
        href="/"
      >
        Site Title
      </a>
    </h1>
  </div>
</header>
`;
